// Jest Snapshot v1, https://goo.gl/fbAQLP

exports[`Projects component renders the component as expected 1`] = `<div />`;
