// Jest Snapshot v1, https://goo.gl/fbAQLP

exports[`JournalPage component renders the component as expected 1`] = `<div />`;
